
> ai-builder-vite@2.0.0 test:processor
> tsx tests/test-code-processor.ts

node.exe : 
In Zeile:1 Zeichen:1
+ & "C:\Program Files
\nodejs/node.exe" 
"C:\Program 
Files\nodejs/node_mo 
...
+ ~~~~~~~~~~~~~~~~~~~
~~~~~~~~~~~~~~~~~~~~~
~~~~~~~~~~~~~~~~~~~~~
~~~~~~~~
    + CategoryInfo   
           : NotSpe  
  cified: (:String   
 ) [], RemoteExce    
ption
    + FullyQualified 
   ErrorId : Native  
  CommandError
 
node:internal/modules
/run_main:107
    triggerUncaughtEx
ception(
    ^
Error [ERR_MODULE_NOT
_FOUND]: Cannot find 
module 'C:\Users\dilo
d\Desktop\ai-builder\
utils\code-processor.
js' imported from C:\
Users\dilod\Desktop\a
i-builder\tests\test-
code-processor.ts
    at 
finalizeResolution (n
ode:internal/modules/
esm/resolve:274:11)
    at moduleResolve 
(node:internal/module
s/esm/resolve:864:10)
    at 
defaultResolve (node:
internal/modules/esm/
resolve:990:11)
    at nextResolve (n
ode:internal/modules/
esm/hooks:785:28)
    at resolveBase (f
ile:///C:/Users/dilod
/Desktop/ai-builder/n
ode_modules/tsx/dist/
esm/index.mjs?1771433
061373:2:3744)
    at async 
resolveDirectory (fil
e:///C:/Users/dilod/D
esktop/ai-builder/nod
e_modules/tsx/dist/es
m/index.mjs?177143306
1373:2:4237)
    at async resolve 
(file:///C:/Users/dil
od/Desktop/ai-builder
/node_modules/tsx/dis
t/esm/index.mjs?17714
33061373:2:5355)
    at async 
nextResolve (node:int
ernal/modules/esm/hoo
ks:785:22)
    at async AsyncLoa
derHooksOnLoaderHookW
orker.resolve (node:i
nternal/modules/esm/h
ooks:269:24)
    at async 
handleMessage (node:i
nternal/modules/esm/w
orker:251:18) {
  code: 'ERR_MODULE_N
OT_FOUND',
  url: 'file:///C:/Us
ers/dilod/Desktop/ai-
builder/utils/code-pr
ocessor.js'
}

Node.js v24.13.0
